## 20:13:53 phase1
   ok
## 20:18:55 c1
   ok
{"operations":214,"actions":["VerifyResource"],"providerMutations":0,"acceptedScopeContentDigestsUnchanged":true}
## 20:20:07 noreplaced-after-c1
   ok
## 20:20:28 phase2
   ok
## 20:23:37 phase2b
   ok
## 20:27:21 rebind-check
   ok
## 20:28:43 restores
   ok
## 20:37:29 misc
   ok
## 20:45:17 su
   ok
## 20:45:58 final-a
   ok
## 20:48:42 retire-kept
   ok
## 20:49:45 noreplaced-before-runner
   ok
## 20:50:12 settle-workloads
   ok
## 20:50:12 final-b
   ok
## 20:52:58 assemble
   ok
0
CHAIN-DONE
chain exit=0
